#-----------------------------------------------------------
# Vivado v2024.1 (64-bit)
# SW Build 5076996 on Wed May 22 18:37:14 MDT 2024
# IP Build 5075265 on Wed May 22 21:45:21 MDT 2024
# SharedData Build 5076995 on Wed May 22 18:29:18 MDT 2024
# Start of session at: Mon Sep 22 15:44:51 2025
# Process ID: 5588
# Current directory: C:/Users/Tianran_Li1/Box/ELC 4312/class report 2/class report 2.runs/impl_1
# Command line: vivado.exe -log reaction_timer_nexys4ddr.vdi -applog -product Vivado -messageDb vivado.pb -mode batch -source reaction_timer_nexys4ddr.tcl -notrace
# Log file: C:/Users/Tianran_Li1/Box/ELC 4312/class report 2/class report 2.runs/impl_1/reaction_timer_nexys4ddr.vdi
# Journal file: C:/Users/Tianran_Li1/Box/ELC 4312/class report 2/class report 2.runs/impl_1\vivado.jou
# Running On        :ECS-ROG-115-19
# Platform          :Windows Server 2016 or Windows 10
# Operating System  :22631
# Processor Detail  :12th Gen Intel(R) Core(TM) i7-12700
# CPU Frequency     :2112 MHz
# CPU Physical cores:12
# CPU Logical cores :20
# Host memory       :34033 MB
# Swap memory       :5100 MB
# Total Virtual     :39133 MB
# Available Virtual :24182 MB
#-----------------------------------------------------------
source reaction_timer_nexys4ddr.tcl -notrace
